// Jest Snapshot v1, https://goo.gl/fbAQLP

exports[`<CreateOrJoinGame /> render 1`] = `
<div>
  MILPA
</div>
`;
