// Jest Snapshot v1, https://goo.gl/fbAQLP

exports[`<Milpa /> render 1`] = `
<div
  className="flex flex-col bg-mexicanGreen-light w-1/3"
>
  <div
    className="py-4"
  >
    <div
      className="h-16 bg-mexicanBoneLight"
    >
      Your Turn
    </div>
  </div>
  <div
    className="m-4 p-6 bg-yellow-800 grid grid-cols-4 text-center gap-4"
  >
    <div
      className="w-16 h-16 bg-yellow-900"
    >
      🥕
    </div>
    <div
      className="w-16 h-16 bg-yellow-900"
    >
      🌽
    </div>
    <div
      className="w-16 h-16 bg-yellow-900"
    >
      🥕
    </div>
    <div
      className="w-16 h-16 bg-yellow-900"
    >
      🍅
    </div>
    <div
      className="w-16 h-16 bg-yellow-900"
    >
      🍅
    </div>
    <div
      className="w-16 h-16 bg-yellow-900"
    >
      🫑
    </div>
    <div
      className="w-16 h-16 bg-yellow-900"
    >
      🥕
    </div>
    <div
      className="w-16 h-16 bg-yellow-900"
    >
      🌽
    </div>
    <div
      className="w-16 h-16 bg-yellow-900"
    >
      🥔
    </div>
    <div
      className="w-16 h-16 bg-yellow-900"
    >
      🥕
    </div>
    <div
      className="w-16 h-16 bg-yellow-900"
    >
      🪰
    </div>
    <div
      className="w-16 h-16 bg-yellow-900"
    >
      🌽
    </div>
    <div
      className="w-16 h-16 bg-yellow-900"
    >
      🌶
    </div>
    <div
      className="w-16 h-16 bg-yellow-900"
    >
      🥔
    </div>
    <div
      className="w-16 h-16 bg-yellow-900"
    >
      🍅
    </div>
    <div
      className="w-16 h-16 bg-yellow-900"
    >
      🌽
    </div>
  </div>
  <div
    className="py-4"
  >
    <div
      className="h-16 bg-mexicanBoneLight"
    >
      100 cacao
    </div>
  </div>
</div>
`;
