// Jest Snapshot v1, https://goo.gl/fbAQLP

exports[`<StatusBoard /> render 1`] = `
<div
  className="h-16 bg-mexicanBoneLight"
>
  Your Turn
</div>
`;
