// Jest Snapshot v1, https://goo.gl/fbAQLP

exports[`<WaitingModal /> render 1`] = `
<div
  className="fixed inset-0 flex items-center justify-center"
>
  <button
    className="px-4 py-2 text-sm font-medium text-white bg-black rounded-md bg-opacity-20 hover:bg-opacity-30 focus:outline-none focus-visible:ring-2 focus-visible:ring-white focus-visible:ring-opacity-75"
    onClick={[Function]}
    type="button"
  >
    Open dialog
  </button>
</div>
`;
