// Jest Snapshot v1, https://goo.gl/fbAQLP

exports[`<Layout /> render 1`] = `
<div
  className="bg-mexicanBone min-h-screen"
>
  <div
    className="bg-mexicanBlue"
  >
    <div
      className="container mx-auto p-2"
    >
      <nav
        className="flex justify-between text-mexicanPink"
      >
        <div
          className="self-center"
        >
          <button
            className="bg-button-menu focus:bg-button-menu-pressed focus:outline-none"
            style={
              Object {
                "height": "50px",
                "width": "50px",
              }
            }
          />
        </div>
        <div>
          <button
            className="bg-button-logo focus:bg-button-logo-pressed focus:outline-none"
            onClick={[Function]}
            style={
              Object {
                "height": "50px",
                "width": "50px",
              }
            }
          />
        </div>
        <div
          className="self-center"
        >
          <button
            className="bg-button-leaderboard focus:bg-button-leaderboard-pressed focus:outline-none"
            style={
              Object {
                "height": "50px",
                "width": "50px",
              }
            }
          />
        </div>
      </nav>
    </div>
  </div>
  <div
    className="max-w-6xl flex flex-col  py-2 mx-auto"
  >
    <div>
      Hola
    </div>
  </div>
</div>
`;
