// Jest Snapshot v1, https://goo.gl/fbAQLP

exports[`<LayoutGame /> render 1`] = `
<div
  className="bg-mexicanBone min-h-screen"
>
  <div
    className="bg-mexicanBlue"
  >
    <div
      className="container mx-auto p-2"
    >
      <nav
        className="flex justify-between text-mexicanPink"
      >
        <div
          className="self-center"
        >
          <a
            href="#"
          >
            Menu
          </a>
        </div>
        <div>
          <button
            className="bg-button-logo focus:bg-button-logo-pressed focus:outline-none"
            onClick={[Function]}
            style={
              Object {
                "height": "50px",
                "width": "50px",
              }
            }
          />
        </div>
        <div
          className="self-center"
        >
          <a
            href="#"
          >
            Rules
          </a>
        </div>
      </nav>
    </div>
  </div>
  <div
    className="max-w-6xl flex flex-col justify-center py-5 mx-auto"
  >
    <div>
      Hola
    </div>
  </div>
</div>
`;
