// Jest Snapshot v1, https://goo.gl/fbAQLP

exports[`<CropCard /> render 1`] = `
<div
  className="bg-mexicanBone  h-28"
>
  Corn
</div>
`;
