// Jest Snapshot v1, https://goo.gl/fbAQLP

exports[`<CacaoBoard /> render 1`] = `
<div
  className="h-16 bg-mexicanBoneLight"
>
  100 cacao
</div>
`;
